[themewagon.github.io/winkel/index.html]
[backblue.gif]
[fade.gif]
[index.html]
[themewagon.github.io/winkel/css/open-iconic-bootstrap.min.css]
[themewagon.github.io/winkel/css/animate.css]
[themewagon.github.io/winkel/css/owl.carousel.min.css]
[themewagon.github.io/winkel/css/owl.theme.default.min.css]
[themewagon.github.io/winkel/css/magnific-popup.css]
[themewagon.github.io/winkel/css/aos.css]
[themewagon.github.io/winkel/css/ionicons.min.css]
[themewagon.github.io/winkel/css/bootstrap-datepicker.css]
[themewagon.github.io/winkel/css/jquery.timepicker.css]
[themewagon.github.io/winkel/css/flaticon.css]
[themewagon.github.io/winkel/css/icomoon.css]
[themewagon.github.io/winkel/css/style.css]
[themewagon.github.io/winkel/index-2.html]
[themewagon.github.io/winkel/shop.html]
[themewagon.github.io/winkel/product-single.html]
[themewagon.github.io/winkel/cart.html]
[themewagon.github.io/winkel/checkout.html]
[themewagon.github.io/winkel/about.html]
[themewagon.github.io/winkel/blog.html]
[themewagon.github.io/winkel/contact.html]
[themewagon.github.io/winkel/images/bg_1.jpg]
[themewagon.github.io/winkel/images/divider.jpg]
[themewagon.github.io/winkel/images/bg_2.jpg]
[themewagon.github.io/winkel/images/about.jpg]
[themewagon.github.io/winkel/images/product-1.jpg]
[themewagon.github.io/winkel/images/product-2.jpg]
[themewagon.github.io/winkel/images/product-3.jpg]
[themewagon.github.io/winkel/images/product-4.jpg]
[themewagon.github.io/winkel/images/about-1.jpg]
[themewagon.github.io/winkel/images/about-2.jpg]
[themewagon.github.io/winkel/images/product-5.jpg]
[themewagon.github.io/winkel/images/product-6.jpg]
[themewagon.github.io/winkel/images/product-7.jpg]
[themewagon.github.io/winkel/images/product-8.jpg]
[themewagon.github.io/winkel/images/bg_4.jpg]
[themewagon.github.io/winkel/images/person_1.jpg]
[themewagon.github.io/winkel/images/person_2.jpg]
[themewagon.github.io/winkel/images/person_3.jpg]
[themewagon.github.io/winkel/js/jquery.min.js]
[themewagon.github.io/winkel/js/jquery-migrate-3.0.1.min.js]
[themewagon.github.io/winkel/js/popper.min.js]
[themewagon.github.io/winkel/js/bootstrap.min.js]
[themewagon.github.io/winkel/js/jquery.easing.1.3.js]
[themewagon.github.io/winkel/js/jquery.waypoints.min.js]
[themewagon.github.io/winkel/js/jquery.stellar.min.js]
[themewagon.github.io/winkel/js/owl.carousel.min.js]
[themewagon.github.io/winkel/js/jquery.magnific-popup.min.js]
[themewagon.github.io/winkel/js/aos.js]
[themewagon.github.io/winkel/js/jquery.animateNumber.min.js]
[themewagon.github.io/winkel/js/bootstrap-datepicker.js]
[themewagon.github.io/winkel/js/scrollax.min.js]
[themewagon.github.io/winkel/js/google-map.js]
[themewagon.github.io/winkel/js/main.js]
[themewagon.github.io/winkel/index.html]
[themewagon.github.io/winkel/fonts/open-iconic/open-iconic.eot]
[themewagon.github.io/winkel/fonts/open-iconic/open-iconicd41d.eot]
[themewagon.github.io/winkel/fonts/open-iconic/open-iconic.woff]
[themewagon.github.io/winkel/fonts/open-iconic/open-iconic.ttf]
[themewagon.github.io/winkel/fonts/open-iconic/open-iconic.otf]
[themewagon.github.io/winkel/fonts/open-iconic/open-iconic.svg]
[themewagon.github.io/winkel/css/open-iconic-bootstrap.min.css]
[themewagon.github.io/winkel/css/animate.css]
[themewagon.github.io/winkel/css/owl.video.play.png]
[themewagon.github.io/winkel/css/owl.carousel.min.css]
[themewagon.github.io/winkel/css/owl.theme.default.min.css]
[themewagon.github.io/winkel/css/magnific-popup.css]
[themewagon.github.io/winkel/css/aos.css]
[themewagon.github.io/winkel/fonts/ionicons/fonts/ionicons580c.eot]
[themewagon.github.io/winkel/fonts/ionicons/fonts/ionicons580c.woff2]
[themewagon.github.io/winkel/fonts/ionicons/fonts/ionicons580c.woff]
[themewagon.github.io/winkel/fonts/ionicons/fonts/ionicons580c.ttf]
[themewagon.github.io/winkel/css/ionicons.min.css]
[themewagon.github.io/winkel/css/bootstrap-datepicker.css]
[themewagon.github.io/winkel/css/jquery.timepicker.css]
[themewagon.github.io/winkel/fonts/ionicons/fonts/ionicons580c.svg]
[themewagon.github.io/winkel/fonts/flaticon/font/Flaticon.eot]
[themewagon.github.io/winkel/fonts/flaticon/font/Flaticond41d.eot]
[themewagon.github.io/winkel/fonts/flaticon/font/Flaticon.woff]
[themewagon.github.io/winkel/fonts/flaticon/font/Flaticon.ttf]
[themewagon.github.io/winkel/fonts/flaticon/font/Flaticon.svg]
[themewagon.github.io/winkel/css/flaticon.css]
[themewagon.github.io/winkel/fonts/icomoon/icomoonccfb.eot]
[themewagon.github.io/winkel/fonts/icomoon/icomoonccfb.ttf]
[themewagon.github.io/winkel/fonts/icomoon/icomoonccfb.woff]
[themewagon.github.io/winkel/css/icomoon.css]
[themewagon.github.io/winkel/css/style.css]
[themewagon.github.io/winkel/index-2.html]
[themewagon.github.io/winkel/fonts/icomoon/icomoonccfb.svg]
[themewagon.github.io/winkel/images/bg_6.jpg]
[themewagon.github.io/winkel/shop.html]
[themewagon.github.io/winkel/images/menu-2.jpg]
[themewagon.github.io/winkel/product-single.html]
[themewagon.github.io/winkel/cart.html]
[themewagon.github.io/winkel/checkout.html]
[themewagon.github.io/winkel/about.html]
[themewagon.github.io/winkel/blog-single.html]
[themewagon.github.io/winkel/images/image_1.jpg]
[themewagon.github.io/winkel/images/image_2.jpg]
[themewagon.github.io/winkel/images/image_3.jpg]
[themewagon.github.io/winkel/images/image_4.jpg]
[themewagon.github.io/winkel/images/image_5.jpg]
[themewagon.github.io/winkel/images/image_6.jpg]
[themewagon.github.io/winkel/blog.html]
[themewagon.github.io/winkel/contact.html]
[themewagon.github.io/winkel/images/divider.html]
[themewagon.github.io/winkel/fonts/open-iconic/open-iconic.svg]
[themewagon.github.io/winkel/css/owl.video.play.html]
[themewagon.github.io/winkel/fonts/ionicons/fonts/ionicons580c.svg]
[themewagon.github.io/winkel/fonts/flaticon/font/Flaticon.html]
[themewagon.github.io/winkel/fonts/flaticon/font/Flaticond41d.html]
[themewagon.github.io/winkel/fonts/flaticon/font/Flaticon-2.html]
[themewagon.github.io/winkel/fonts/flaticon/font/Flaticon-3.html]
[themewagon.github.io/winkel/fonts/flaticon/font/Flaticon-4.html]
[themewagon.github.io/winkel/fonts/icomoon/icomoonccfb.svg]
[themewagon.github.io/winkel/images/menu-2.html]
[themewagon.github.io/winkel/blog-single.html]
