[themewagon.github.io/ashion/index.html]
[backblue.gif]
[fade.gif]
[index.html]
[themewagon.github.io/ashion/css/bootstrap.min.css]
[themewagon.github.io/ashion/css/font-awesome.min.css]
[themewagon.github.io/ashion/css/elegant-icons.css]
[themewagon.github.io/ashion/css/jquery-ui.min.css]
[themewagon.github.io/ashion/css/magnific-popup.css]
[themewagon.github.io/ashion/css/owl.carousel.min.css]
[themewagon.github.io/ashion/css/slicknav.min.css]
[themewagon.github.io/ashion/css/style.css]
[themewagon.github.io/ashion/index-2.html]
[themewagon.github.io/ashion/img/logo.png]
[themewagon.github.io/ashion/shop.html]
[themewagon.github.io/ashion/product-details.html]
[themewagon.github.io/ashion/shop-cart.html]
[themewagon.github.io/ashion/checkout.html]
[themewagon.github.io/ashion/blog-details.html]
[themewagon.github.io/ashion/blog.html]
[themewagon.github.io/ashion/contact.html]
[themewagon.github.io/ashion/img/categories/category-1.jpg]
[themewagon.github.io/ashion/img/categories/category-2.jpg]
[themewagon.github.io/ashion/img/categories/category-3.jpg]
[themewagon.github.io/ashion/img/categories/category-4.jpg]
[themewagon.github.io/ashion/img/categories/category-5.jpg]
[themewagon.github.io/ashion/img/product/product-1.jpg]
[themewagon.github.io/ashion/img/product/product-2.jpg]
[themewagon.github.io/ashion/img/product/product-3.jpg]
[themewagon.github.io/ashion/img/product/product-4.jpg]
[themewagon.github.io/ashion/img/product/product-5.jpg]
[themewagon.github.io/ashion/img/product/product-6.jpg]
[themewagon.github.io/ashion/img/product/product-7.jpg]
[themewagon.github.io/ashion/img/product/product-8.jpg]
[themewagon.github.io/ashion/img/banner/banner-1.jpg]
[themewagon.github.io/ashion/img/trend/ht-1.jpg]
[themewagon.github.io/ashion/img/trend/ht-2.jpg]
[themewagon.github.io/ashion/img/trend/ht-3.jpg]
[themewagon.github.io/ashion/img/trend/bs-1.jpg]
[themewagon.github.io/ashion/img/trend/bs-2.jpg]
[themewagon.github.io/ashion/img/trend/bs-3.jpg]
[themewagon.github.io/ashion/img/trend/f-1.jpg]
[themewagon.github.io/ashion/img/trend/f-2.jpg]
[themewagon.github.io/ashion/img/trend/f-3.jpg]
[themewagon.github.io/ashion/img/discount.jpg]
[themewagon.github.io/ashion/img/instagram/insta-1.jpg]
[themewagon.github.io/ashion/img/instagram/insta-2.jpg]
[themewagon.github.io/ashion/img/instagram/insta-3.jpg]
[themewagon.github.io/ashion/img/instagram/insta-4.jpg]
[themewagon.github.io/ashion/img/instagram/insta-5.jpg]
[themewagon.github.io/ashion/img/instagram/insta-6.jpg]
[themewagon.github.io/ashion/img/payment/payment-1.png]
[themewagon.github.io/ashion/img/payment/payment-2.png]
[themewagon.github.io/ashion/img/payment/payment-3.png]
[themewagon.github.io/ashion/img/payment/payment-4.png]
[themewagon.github.io/ashion/img/payment/payment-5.png]
[themewagon.github.io/ashion/js/jquery-3.3.1.min.js]
[themewagon.github.io/ashion/js/bootstrap.min.js]
[themewagon.github.io/ashion/js/jquery.magnific-popup.min.js]
[themewagon.github.io/ashion/js/jquery-ui.min.js]
[themewagon.github.io/ashion/js/mixitup.min.js]
[themewagon.github.io/ashion/js/jquery.countdown.min.js]
[themewagon.github.io/ashion/js/jquery.slicknav.js]
[themewagon.github.io/ashion/js/owl.carousel.min.js]
[themewagon.github.io/ashion/js/jquery.nicescroll.min.js]
[themewagon.github.io/ashion/js/main.js]
[themewagon.github.io/ashion/index.html]
[themewagon.github.io/ashion/css/bootstrap.min.css]
[themewagon.github.io/ashion/fonts/fontawesome-webfont3e6e.eot]
[themewagon.github.io/ashion/fonts/fontawesome-webfontd41d.eot]
[themewagon.github.io/ashion/fonts/fontawesome-webfont3e6e.woff2]
[themewagon.github.io/ashion/fonts/fontawesome-webfont3e6e.woff]
[themewagon.github.io/ashion/fonts/fontawesome-webfont3e6e.ttf]
[themewagon.github.io/ashion/css/font-awesome.min.css]
[themewagon.github.io/ashion/fonts/fontawesome-webfont3e6e.svg]
[themewagon.github.io/ashion/fonts/ElegantIcons.eot]
[themewagon.github.io/ashion/fonts/ElegantIconsd41d.eot]
[themewagon.github.io/ashion/fonts/ElegantIcons.woff]
[themewagon.github.io/ashion/fonts/ElegantIcons.ttf]
[themewagon.github.io/ashion/css/elegant-icons.css]
[themewagon.github.io/ashion/fonts/ElegantIcons.svg]
[themewagon.github.io/ashion/css/images/ui-icons_444444_256x240.png]
[themewagon.github.io/ashion/css/images/ui-icons_555555_256x240.png]
[themewagon.github.io/ashion/css/images/ui-icons_ffffff_256x240.png]
[themewagon.github.io/ashion/css/images/ui-icons_777620_256x240.png]
[themewagon.github.io/ashion/css/images/ui-icons_cc0000_256x240.png]
[themewagon.github.io/ashion/css/images/ui-icons_777777_256x240.png]
[themewagon.github.io/ashion/css/jquery-ui.min.css]
[themewagon.github.io/ashion/css/magnific-popup.css]
[themewagon.github.io/ashion/css/owl.video.play.png]
[themewagon.github.io/ashion/css/owl.carousel.min.css]
[themewagon.github.io/ashion/css/slicknav.min.css]
[themewagon.github.io/ashion/css/style.css]
[themewagon.github.io/ashion/index-2.html]
[themewagon.github.io/ashion/img/shop/shop-1.jpg]
[themewagon.github.io/ashion/img/shop/shop-2.jpg]
[themewagon.github.io/ashion/img/shop/shop-3.jpg]
[themewagon.github.io/ashion/img/shop/shop-4.jpg]
[themewagon.github.io/ashion/img/shop/shop-5.jpg]
[themewagon.github.io/ashion/img/shop/shop-6.jpg]
[themewagon.github.io/ashion/img/shop/shop-7.jpg]
[themewagon.github.io/ashion/img/shop/shop-8.jpg]
[themewagon.github.io/ashion/img/shop/shop-9.jpg]
[themewagon.github.io/ashion/shop.html]
[themewagon.github.io/ashion/img/product/details/thumb-1.jpg]
[themewagon.github.io/ashion/img/product/details/thumb-2.jpg]
[themewagon.github.io/ashion/img/product/details/thumb-3.jpg]
[themewagon.github.io/ashion/img/product/details/thumb-4.jpg]
[themewagon.github.io/ashion/img/product/details/product-1.jpg]
[themewagon.github.io/ashion/img/product/details/product-3.jpg]
[themewagon.github.io/ashion/img/product/details/product-2.jpg]
[themewagon.github.io/ashion/img/product/details/product-4.jpg]
[themewagon.github.io/ashion/img/product/related/rp-1.jpg]
[themewagon.github.io/ashion/img/product/related/rp-2.jpg]
[themewagon.github.io/ashion/img/product/related/rp-3.jpg]
[themewagon.github.io/ashion/img/product/related/rp-4.jpg]
[themewagon.github.io/ashion/product-details.html]
[themewagon.github.io/ashion/img/shop-cart/cp-1.jpg]
[themewagon.github.io/ashion/img/shop-cart/cp-2.jpg]
[themewagon.github.io/ashion/img/shop-cart/cp-3.jpg]
[themewagon.github.io/ashion/img/shop-cart/cp-4.jpg]
[themewagon.github.io/ashion/shop-cart.html]
[themewagon.github.io/ashion/checkout.html]
[themewagon.github.io/ashion/img/blog/details/blog-details.jpg]
[themewagon.github.io/ashion/img/blog/details/comment-1.jpg]
[themewagon.github.io/ashion/img/blog/details/comment-2.jpg]
[themewagon.github.io/ashion/img/blog/details/comment-3.jpg]
[themewagon.github.io/ashion/img/blog/sidebar/fp-1.jpg]
[themewagon.github.io/ashion/img/blog/sidebar/fp-2.jpg]
[themewagon.github.io/ashion/img/blog/sidebar/fp-3.jpg]
[themewagon.github.io/ashion/blog-details.html]
[themewagon.github.io/ashion/img/blog/blog-1.jpg]
[themewagon.github.io/ashion/img/blog/blog-7.jpg]
[themewagon.github.io/ashion/img/blog/blog-9.jpg]
[themewagon.github.io/ashion/img/blog/blog-2.jpg]
[themewagon.github.io/ashion/img/blog/blog-4.jpg]
[themewagon.github.io/ashion/img/blog/blog-8.jpg]
[themewagon.github.io/ashion/img/blog/blog-10.jpg]
[themewagon.github.io/ashion/img/blog/blog-3.jpg]
[themewagon.github.io/ashion/img/blog/blog-5.jpg]
[themewagon.github.io/ashion/img/blog/blog-6.jpg]
[themewagon.github.io/ashion/blog.html]
[themewagon.github.io/ashion/contact.html]
[themewagon.github.io/ashion/fonts/fontawesome-webfont3e6e.svg]
[themewagon.github.io/ashion/fonts/ElegantIcons.svg]
[themewagon.github.io/ashion/css/images/ui-icons_444444_256x240.html]
[themewagon.github.io/ashion/css/images/ui-icons_555555_256x240.html]
[themewagon.github.io/ashion/css/images/ui-icons_ffffff_256x240.html]
[themewagon.github.io/ashion/css/images/ui-icons_777620_256x240.html]
[themewagon.github.io/ashion/css/images/ui-icons_cc0000_256x240.html]
[themewagon.github.io/ashion/css/images/ui-icons_777777_256x240.html]
[themewagon.github.io/ashion/css/owl.video.play.html]
